
C:\Program Files (x86)\Microsoft Visual Studio 14.0>git
usage: git [--version] [--help] [-C <path>] [-c name=value]
           [--exec-path[=<path>]] [--html-path] [--man-path] [--info-path]
           [-p | --paginate | --no-pager] [--no-replace-objects] [--bare]
           [--git-dir=<path>] [--work-tree=<path>] [--namespace=<name>]
           <command> [<args>]

These are common Git commands used in various situations:

start a working area (see also: git help tutorial)
   clone      Clone a repository into a new directory
   init       Create an empty Git repository or reinitialize an existing one

work on the current change (see also: git help everyday)
   add        Add file contents to the index
   mv         Move or rename a file, a directory, or a symlink
   reset      Reset current HEAD to the specified state
   rm         Remove files from the working tree and from the index

examine the history and state (see also: git help revisions)
   bisect     Use binary search to find the commit that introduced a bug
   grep       Print lines matching a pattern
   log        Show commit logs
   show       Show various types of objects
   status     Show the working tree status

grow, mark and tweak your common history
   branch     List, create, or delete branches
   checkout   Switch branches or restore working tree files
   commit     Record changes to the repository
   diff       Show changes between commits, commit and working tree, etc
   merge      Join two or more development histories together
   rebase     Forward-port local commits to the updated upstream head
   tag        Create, list, delete or verify a tag object signed with GPG

collaborate (see also: git help workflows)
   fetch      Download objects and refs from another repository
   pull       Fetch from and integrate with another repository or a local branch
   push       Update remote refs along with associated objects

'git help -a' and 'git help -g' list available subcommands and some
concept guides. See 'git help <command>' or 'git help <concept>'
to read about a specific subcommand or concept.

C:\Program Files (x86)\Microsoft Visual Studio 14.0>git config
usage: git config [<options>]

Config file location
    --global              use global config file
    --system              use system config file
    --local               use repository config file
    -f, --file <file>     use given config file
    --blob <blob-id>      read config from given blob object

Action
    --get                 get value: name [value-regex]
    --get-all             get all values: key [value-regex]
    --get-regexp          get values for regexp: name-regex [value-regex]
    --get-urlmatch        get value specific for the URL: section[.var] URL
    --replace-all         replace all matching variables: name value [value_regex]
    --add                 add a new variable: name value
    --unset               remove a variable: name [value-regex]
    --unset-all           remove all matches: name [value-regex]
    --rename-section      rename section: old-name new-name
    --remove-section      remove a section: name
    -l, --list            list all
    -e, --edit            open an editor
    --get-color           find the color configured: slot [default]
    --get-colorbool       find the color setting: slot [stdout-is-tty]

Type
    --bool                value is "true" or "false"
    --int                 value is decimal number
    --bool-or-int         value is --bool or --int
    --path                value is a path (file or directory name)

Other
    -z, --null            terminate values with NUL byte
    --name-only           show variable names only
    --includes            respect include directives on lookup


C:\Program Files (x86)\Microsoft Visual Studio 14.0>git config --global user.name "Haresh Ambaliya"

C:\Program Files (x86)\Microsoft Visual Studio 14.0>git config --global user.email "hareshambaliya@gmail.com"

C:\Program Files (x86)\Microsoft Visual Studio 14.0>git config --global --list
gui.recentrepo=D:/Projects/OpenLiveWriter
user.name=Haresh Ambaliya
user.email=hareshambaliya@gmail.com

C:\Program Files (x86)\Microsoft Visual Studio 14.0>cd\

C:\>d:

D:\>cd Projects

D:\Projects>mkdir SearchEngine

D:\Projects>cd SearchEngine

D:\Projects\SearchEngine>git init
Initialized empty Git repository in D:/Projects/SearchEngine/.git/

D:\Projects\SearchEngine>git add *.txt

D:\Projects\SearchEngine>git commit -m "commit changes"

D:\Projects\SearchEngine>git log
commit 214bb0380f6317281defd53b478e52d52b0f8d6c
Author: Haresh Ambaliya <hareshambaliya@gmail.com>
Date:   Sun Dec 13 21:29:32 2015 +0530

    Add file and commit changes

commit dd341f911a55f26b55b6410f355cec357d99ff0c
Author: Haresh Ambaliya <hareshambaliya@gmail.com>
Date:   Sun Dec 13 21:23:52 2015 +0530

    Additional changes

commit 04ae69a3be8fc30eeb66aceb3bed8dce01530627
Author: Haresh Ambaliya <hareshambaliya@gmail.com>
Date:   Sun Dec 13 20:55:21 2015 +0530

    initial commit to master branch

D:\Projects\SearchEngine>git shortlog
Haresh Ambaliya (3):
      initial commit to master branch
      Additional changes
      Add file and commit changes


D:\Projects\SearchEngine>git shortlog
Haresh Ambaliya (3):
      initial commit to master branch
      Additional changes
      Add file and commit changes


D:\Projects\SearchEngine>git stash
Saved working directory and index state WIP on master: 214bb03 Add file and commit changes
HEAD is now at 214bb03 Add file and commit changes

D:\Projects\SearchEngine>git stash apply
On branch master
Changes not staged for commit:
  (use "git add <file>..." to update what will be committed)
  (use "git checkout -- <file>..." to discard changes in working directory)

        modified:   My Text File 2.txt

Untracked files:
  (use "git add <file>..." to include in what will be committed)

        git commands.txt

no changes added to commit (use "git add" and/or "git commit -a")

D:\Projects\SearchEngine>git add *.txt

D:\Projects\SearchEngine>git commit -m "version 1.0 commited"
[master 428494a] version 1.0 commited
 2 files changed, 116 insertions(+), 1 deletion(-)
 create mode 100644 git commands.txt

D:\Projects\SearchEngine>git log
commit 428494a06cff7f8a7536055ca26d9275e2fd3a72
Author: Haresh Ambaliya <hareshambaliya@gmail.com>
Date:   Sun Dec 13 21:47:42 2015 +0530

    version 1.0 commited

commit 214bb0380f6317281defd53b478e52d52b0f8d6c
Author: Haresh Ambaliya <hareshambaliya@gmail.com>
Date:   Sun Dec 13 21:29:32 2015 +0530

    Add file and commit changes

commit dd341f911a55f26b55b6410f355cec357d99ff0c
Author: Haresh Ambaliya <hareshambaliya@gmail.com>
Date:   Sun Dec 13 21:23:52 2015 +0530

    Additional changes

commit 04ae69a3be8fc30eeb66aceb3bed8dce01530627
Author: Haresh Ambaliya <hareshambaliya@gmail.com>
Date:   Sun Dec 13 20:55:21 2015 +0530

    initial commit to master branch

D:\Projects\SearchEngine>git shortlog
Haresh Ambaliya (4):
      initial commit to master branch
      Additional changes
      Add file and commit changes
      version 1.0 commited


D:\Projects\SearchEngine>git branch v2.0

D:\Projects\SearchEngine>git checkout v2.0
Switched to branch 'v2.0'

D:\Projects\SearchEngine>git add *.txt

D:\Projects\SearchEngine>git commit -m "V2 changes"
[v2.0 9c7275f] V2 changes
 2 files changed, 4 insertions(+), 1 deletion(-)
 create mode 100644 My Text File 4.txt

D:\Projects\SearchEngine>git add *.txt

D:\Projects\SearchEngine>git commit -m "v2 additional changes"
[v2.0 fffe89b] v2 additional changes
 1 file changed, 3 insertions(+)

D:\Projects\SearchEngine>git checkout master
Switched to branch 'master'

D:\Projects\SearchEngine>git checkout v2.0
Switched to branch 'v2.0'

D:\Projects\SearchEngine>git checkout master
Switched to branch 'master'

D:\Projects\SearchEngine>git merge v2.0
Updating 428494a..fffe89b
Fast-forward
 My Text File 3.txt | 4 +++-
 My Text File 4.txt | 4 ++++
 2 files changed, 7 insertions(+), 1 deletion(-)
 create mode 100644 My Text File 4.txt

D:\Projects\SearchEngine>
